Please enter an 81-character board:

Board with up-to-date pencil marks:
+-----------------------+-----------------------+-----------------------+
| . . 3 | . . 3 | . . 3 | . . . | . . . | . . . | . . . |       |       |
| 4 5 6   4 . 6   4 5 6 | . . .   4 . .   4 . . | 4 5 .     1       2   |
| . 8 9 | 7 . 9 | 7 8 9 | 7 8 9 | 7 8 9 | 7 8 9 | . . 9 |       |       |
| - - - + - - - + - - - | - - - + - - - + - - - | - - - + - - - + - - - |
| . 2 . | 1 2 . | 1 2 . | . 2 . |       |       | . . . | . . . | . . . |
| 4 . 6   4 . 6   4 . 6 | . . .     3       5   | 4 . .   . . 6   4 . 6 |
| . 8 9 | 7 . 9 | 7 8 9 | 7 8 9 |       |       | . . 9 | . 8 9 | . 8 9 |
| - - - + - - - + - - - | - - - + - - - + - - - | - - - + - - - + - - - |
| . 2 3 | 1 2 3 | 1 2 3 |       | 1 . . | 1 2 . | . . . |       | . . 3 |
| 4 5 .   4 . .   4 5 . |   6     4 . .   4 . . | 4 5 .     7     4 5 . |
| . 8 9 | . . 9 | . 8 9 |       | . 8 9 | . 8 9 | . . 9 |       | . 8 9 |
+-----------------------+-----------------------+-----------------------+
|       | . 2 . | . 2 . | . 2 . | 1 . . | 1 2 . |       | . 2 . | 1 . . |
|   7     4 . 6   4 5 6 | . 5 .   . 5 6   . . 6 |   3     . 5 6   4 5 6 |
|       | . . 9 | . 8 9 | . 8 9 | . 8 9 | . 8 9 |       | . . 9 | . . 9 |
| - - - + - - - + - - - | - - - + - - - + - - - | - - - + - - - + - - - |
| . 2 3 | . 2 3 | . 2 3 |       | 1 . . | 1 2 3 |       | . 2 . | 1 . . |
| . 5 6   . . 6   . 5 6 |   4     . 5 6   . . 6 |   8     . 5 6   . 5 6 |
| . . 9 | . . 9 | . . 9 |       | 7 . 9 | 7 . 9 |       | . . 9 | 7 . 9 |
| - - - + - - - + - - - | - - - + - - - + - - - | - - - + - - - + - - - |
|       | . 2 3 | . 2 3 | . 2 3 | . . . | . 2 3 | . 2 . | . 2 . | . . . |
|   1     4 . 6   4 5 6 | . 5 .   . 5 6   . . 6 | 4 5 .   . 5 6   4 5 6 |
|       | . . 9 | . 8 9 | 7 8 9 | 7 8 9 | 7 8 9 | 7 . 9 | . . 9 | 7 . 9 |
+-----------------------+-----------------------+-----------------------+
| . . 3 | . . 3 | . . 3 |       |       | . . 3 | . . . | . . 3 | . . 3 |
| 4 . 6   4 . 6   4 . 6 |   1       2     4 . 6 | . 5 .   . 5 .   . 5 . |
| . . 9 | 7 . 9 | 7 . 9 |       |       | 7 8 9 | 7 . 9 | . 8 9 | 7 8 9 |
| - - - + - - - + - - - | - - - + - - - + - - - | - - - + - - - + - - - |
| . 2 3 |       | 1 2 3 | . . 3 | . . . | . . 3 | 1 2 . |       | 1 . 3 |
| . . 6     8     . . 6 | . 5 .   . 5 6   . . 6 | . 5 .     4     . 5 . |
| . . 9 |       | 7 . 9 | 7 . 9 | 7 . 9 | 7 . 9 | 7 . 9 |       | 7 . 9 |
| - - - + - - - + - - - | - - - + - - - + - - - | - - - + - - - + - - - |
| . 2 3 |       | 1 2 3 | . . 3 | . . . | . . 3 |       | . 2 3 | 1 . 3 |
| 4 . .     5     4 . . | . . .   4 . .   4 . . |   6     . . .   . . . |
| . . 9 |       | 7 . 9 | 7 8 9 | 7 8 9 | 7 8 9 |       | . 8 9 | 7 8 9 |
+-----------------------+-----------------------+-----------------------+

Board after solving naked sets:
+-----------------------+-----------------------+-----------------------+
|       |       |       |       |       |       |       |       |       |
|   6       7       3   |   8       9       4   |   5       1       2   |
|       |       |       |       |       |       |       |       |       |
| - - - + - - - + - - - | - - - + - - - + - - - | - - - + - - - + - - - |
|       |       |       |       |       |       |       |       |       |
|   9       1       2   |   7       3       5   |   4       8       6   |
|       |       |       |       |       |       |       |       |       |
| - - - + - - - + - - - | - - - + - - - + - - - | - - - + - - - + - - - |
|       |       |       |       |       |       |       |       |       |
|   8       4       5   |   6       1       2   |   9       7       3   |
|       |       |       |       |       |       |       |       |       |
+-----------------------+-----------------------+-----------------------+
|       |       |       |       |       |       |       |       |       |
|   7       9       8   |   2       6       1   |   3       5       4   |
|       |       |       |       |       |       |       |       |       |
| - - - + - - - + - - - | - - - + - - - + - - - | - - - + - - - + - - - |
|       |       |       |       |       |       |       |       |       |
|   5       2       6   |   4       7       3   |   8       9       1   |
|       |       |       |       |       |       |       |       |       |
| - - - + - - - + - - - | - - - + - - - + - - - | - - - + - - - + - - - |
|       |       |       |       |       |       |       |       |       |
|   1       3       4   |   5       8       9   |   2       6       7   |
|       |       |       |       |       |       |       |       |       |
+-----------------------+-----------------------+-----------------------+
|       |       |       |       |       |       |       |       |       |
|   4       6       9   |   1       2       8   |   7       3       5   |
|       |       |       |       |       |       |       |       |       |
| - - - + - - - + - - - | - - - + - - - + - - - | - - - + - - - + - - - |
|       |       |       |       |       |       |       |       |       |
|   2       8       7   |   3       5       6   |   1       4       9   |
|       |       |       |       |       |       |       |       |       |
| - - - + - - - + - - - | - - - + - - - + - - - | - - - + - - - + - - - |
|       |       |       |       |       |       |       |       |       |
|   3       5       1   |   9       4       7   |   6       2       8   |
|       |       |       |       |       |       |       |       |       |
+-----------------------+-----------------------+-----------------------+
